Microsoft Windows [Version 10.0.19045.4046]        
(c) Microsoft Corporation. All rights reserved.    

C:\Users\sahan\OneDrive\Documents\GitHub\c-activity-set>cd "c:\Users\sahan\OneDrive\Documents\GitHub\c-activity-set\set04"

c:\Users\sahan\OneDrive\Documents\GitHub\c-activity-set\set04>gdb ./problem01
GNU gdb (GDB) 7.6.1
Copyright (C) 2013 Free Software Foundation, Inc.  
License GPLv3+: GNU GPL version 3 or later <http://gnu.org/licenses/gpl.html>
This is free software: you are free to change and redistribute it.
There is NO WARRANTY, to the extent permitted by law.  Type "show copying"
and "show warranty" for details.
This GDB was configured as "mingw32".
For bug reporting instructions, please see:        
<http://www.gnu.org/software/gdb/bugs/>...
Reading symbols from c:\Users\sahan\OneDrive\Documents\GitHub\c-activity-set\set04\problem01.exe...done.
(gdb) c
The program is not being run.
(gdb) set logging file problem01_debug.log
(gdb) set logging enabled on
Undefined set logging command: "enabled on".  Try "help set logging".
(gdb) set logging on
Copying output to problem01_debug.log.
(gdb) set trace-commands on
(gdb)