PS C:\Users\sahan\OneDrive\Documents\GitHub\c-activity-set> cd set01
PS C:\Users\sahan\OneDrive\Documents\GitHub\c-activity-set\set01> gcc problem02.c
PS C:\Users\sahan\OneDrive\Documents\GitHub\c-activity-set\set01> ./a.exe
enter the numbers:
2
43
The sum of two numbers is 45:
PS C:\Users\sahan\OneDrive\Documents\GitHub\c-activity-set\set01> git add .
PS C:\Users\sahan\OneDrive\Documents\GitHub\c-activity-set\set01> git push
Everything up-to-date
PS C:\Users\sahan\OneDrive\Documents\GitHub\c-activity-set\set01> gcc problem02.c -O0 -g
PS C:\Users\sahan\OneDrive\Documents\GitHub\c-activity-set\set01> gdb a.exe
GNU gdb (GDB) 7.6.1
Copyright (C) 2013 Free Software Foundation, Inc.
License GPLv3+: GNU GPL version 3 or later <http://gnu.org/licenses/gpl.html>
This is free software: you are free to change and redistribute it.
There is NO WARRANTY, to the extent permitted by law.  Type "show copying"
and "show warranty" for details.
This GDB was configured as "mingw32".
For bug reporting instructions, please see:
<http://www.gnu.org/software/gdb/bugs/>...
Reading symbols from C:\Users\sahan\OneDrive\Documents\GitHub\c-activity-set\set01\a.exe...done.
(gdb) b main
Breakpoint 1 at 0x40146e: file problem02.c, line 6.
(gdb) r
Starting program: C:\Users\sahan\OneDrive\Documents\GitHub\c-activity-set\set01/a.exe 
[New Thread 13976.0x34d8]
[New Thread 13976.0x144]

Breakpoint 1, main () at problem02.c:6
6           printf("enter the numbers:\n");
(gdb) s
enter the numbers:
7           scanf("%d %d",&a,&b);
(gdb) s
s
8           sum=a+b;
(gdb) s
9           printf("The sum of two numbers is %d:",sum);
(gdb) s
The sum of two numbers is 3530752:10        return 0;
(gdb) s
13      }
(gdb) s
0x00401288 in __register_frame_info ()
(gdb) s
Single stepping until exit from function __register_frame_info,
which has no line number information.
0x0040128a in __register_frame_info ()
(gdb) quit
A debugging session is active.

        Inferior 1 [process 13976] will be killed.

Quit anyway? (y or n) y
error return ../../gdb-7.6.1/gdb/windows-nat.c:1275 was 5