PS C:\Users\sahan\OneDrive\Documents\GitHub\c-activity-set> cd set01
PS C:\Users\sahan\OneDrive\Documents\GitHub\c-activity-set\set01> gcc problem01.c
PS C:\Users\sahan\OneDrive\Documents\GitHub\c-activity-set\set01> ./a.exe
My name is Anjani Sah
PS C:\Users\sahan\OneDrive\Documents\GitHub\c-activity-set\set01> git add .
warning: in the working copy of 'set01/problem01_compile_errors.txt', LF will be replaced by CRLF the next time Git touches it
PS C:\Users\sahan\OneDrive\Documents\GitHub\c-activity-set\set01> git push
Everything up-to-date
PS C:\Users\sahan\OneDrive\Documents\GitHub\c-activity-set\set01> gcc problem01.c -O0 -g
PS C:\Users\sahan\OneDrive\Documents\GitHub\c-activity-set\set01> gdb a.exe
GNU gdb (GDB) 7.6.1
Copyright (C) 2013 Free Software Foundation, Inc.
License GPLv3+: GNU GPL version 3 or later <http://gnu.org/licenses/gpl.html>
This is free software: you are free to change and redistribute it.
There is NO WARRANTY, to the extent permitted by law.  Type "show copying"
and "show warranty" for details.
This GDB was configured as "mingw32".
For bug reporting instructions, please see:
<http://www.gnu.org/software/gdb/bugs/>...
Reading symbols from C:\Users\sahan\OneDrive\Documents\GitHub\c-activity-set\set01\a.exe...done.
(gdb) b main
Breakpoint 1 at 0x40146e: file problem01.c, line 5.
(gdb) r
Starting program: C:\Users\sahan\OneDrive\Documents\GitHub\c-activity-set\set01/a.exe 
[New Thread 5692.0x37a0]
[New Thread 5692.0x222c]

Breakpoint 1, main () at problem01.c:5
5           printf("My name is Anjani Sah\n");
(gdb) s
My name is Anjani Sah
6           return 0;
(gdb) s
7       }(gdb) s
0x004012
